// Vitest Snapshot v1, https://vitest.dev/guide/snapshot.html

exports[`the sheet > keeps its rendered shape, list 1`] = `
"div.pmhero
  h3
section.extAgents-sec
  div.extAgents-hd
    b
    span.extAgents-n
  div.extAgents-set
    div.extAgents-row
      span.extAgents-tile.extAgents-tile-own
        span.agent-mark
          img
      div.extAgents-who
        div.extAgents-nm
          span.extAgents-led
          span.extAgents-t
        div.extAgents-one
      div.extAgents-ctl
    div.extAgents-row
      span.extAgents-tile
        span.agent-mark
          img[data-agent=claude_code]
      div.extAgents-who
        div.extAgents-nm
          span.extAgents-led
          span.extAgents-t
        div.extAgents-one
      div.extAgents-ctl
        button.mini
section.extAgents-sec
  div.extAgents-hd
    b
    span.extAgents-n
  div.extAgents-set
    div.extAgents-row
      span.extAgents-tile
        span.agent-mark
          img[data-agent=hermes][data-tone=mono]
      div.extAgents-who
        div.extAgents-nm
          span.extAgents-t
        div.extAgents-one
      div.extAgents-ctl
        button.mini.go
section.extAgents-sec
  div.extAgents-hd
    b
    span.extAgents-n
  div.extAgents-set
    div.extAgents-row
      span.extAgents-tile
        span.agent-mark
          img[data-agent=codex]
      div.extAgents-who
        div.extAgents-nm
          span.extAgents-t
        div.extAgents-one
      div.extAgents-ctl
        button.mini"
`;

exports[`the sheet > keeps its rendered shape, sheet 1`] = `
"div
  div.extAgents-sheet
    div.extAgents-head
      span.extAgents-tile
        span.agent-mark
          img[data-agent=claude_code]
      div.extAgents-meta
        h3
        div.extAgents-by
          span.extAgents-led
    div.extAgents-body
      label.extAgents-fld
        span.extAgents-k
        textarea
    div.extAgents-act
      button.mini.danger
      button.mini"
`;
