// Vitest Snapshot v1, https://vitest.dev/guide/snapshot.html

exports[`the sheet > keeps its rendered shape, grid 1`] = `
"div.pmhero
  div
    h3
    p
div.extAgents-tabs
  button.extAgents-tab
    span.extAgents-tn
  button.extAgents-tab
    span.extAgents-tn
  button.extAgents-tab
    span.extAgents-tn
  button.extAgents-tab
    span.extAgents-tn
div.extAgents-grid
  div.extAgents-card
    div.extAgents-ctop
      span.extAgents-tile.extAgents-tile-own
        span.agent-mark
          img
      div.extAgents-nm
        span.extAgents-t
        span.extAgents-led
      div.extAgents-ctl
    div.extAgents-one
  div.extAgents-card
    div.extAgents-ctop
      span.extAgents-tile
        span.agent-mark
          img[data-agent=claude_code]
      div.extAgents-nm
        span.extAgents-t
        span.extAgents-led
      div.extAgents-ctl
    div.extAgents-one
  div.extAgents-card
    div.extAgents-ctop
      span.extAgents-tile
        span.agent-mark
          img[data-agent=hermes][data-tone=mono]
      div.extAgents-nm
        span.extAgents-t
      div.extAgents-ctl
        button.extAgents-cbtn
          svg
            path
    div.extAgents-one
  div.extAgents-card
    div.extAgents-ctop
      span.extAgents-tile
        span.agent-mark
          img[data-agent=codex]
      div.extAgents-nm
        span.extAgents-t
      div.extAgents-ctl
        button.extAgents-cbtn
          svg
            path
    div.extAgents-one"
`;

exports[`the sheet > keeps its rendered shape, sheet 1`] = `
"div
  div.extAgents-sheet
    div.extAgents-head
      span.extAgents-tile
        span.agent-mark
          img[data-agent=claude_code]
      div.extAgents-meta
        h3
        div.extAgents-by
          span.extAgents-led
    div.extAgents-body
      label.extAgents-fld
        span.extAgents-k
        textarea
    div.extAgents-act
      button.mini.danger
      button.mini"
`;
