// Vitest Snapshot v1, https://vitest.dev/guide/snapshot.html

exports[`memory island > keeps its rendered shape 1`] = `
"div.two-pane
  div.two-pane-side
    div.memstats
      button.mstat
        div.k
        div.v
      button.mstat
        div.k
        div.v
      button.mstat
        div.k
        div.v
      button.mstat
        div.k
        div.v
    div.memnote
    div.two-pane-find
      div.two-pane-search
        svg
          circle
          path
        input
    div.two-pane-list
      div.two-pane-row
        button.two-pane-hit
          span.two-pane-txt
            span.nm
            span.ds
          span.two-pane-when
      div.two-pane-row
        button.two-pane-hit
          span.two-pane-txt
            span.nm
            span.ds
          span.two-pane-when
    div.memnote
  div.two-pane-main
    div.two-pane-none"
`;
